[    0.000000] Linux version 4.15.0-140-generic (buildd@lgw01-amd64-054) (gcc version 7.5.0 (Ubuntu 7.5.0-3ubuntu1~18.04)) #144-Ubuntu SMP Fri Mar 19 14:12:35 UTC 2021 (Ubuntu 4.15.0-140.144-generic 4.15.18)
[    0.000000] Command line: BOOT_IMAGE=/boot/vmlinuz-4.15.0-140-generic root=LABEL=cloudimg-rootfs ro console=tty1 console=ttyS0
[    0.000000] KERNEL supported cpus:
[    0.000000]   Intel GenuineIntel
[    0.000000]   AMD AuthenticAMD
[    0.000000]   Centaur CentaurHauls
[    0.000000] [Firmware Bug]: TSC doesn't count with P0 frequency!
[    0.000000] x86/fpu: x87 FPU will use FXSAVE
[    0.000000] e820: BIOS-provided physical RAM map:
[    0.000000] BIOS-e820: [mem 0x0000000000000000-0x000000000009fbff] usable
[    0.000000] BIOS-e820: [mem 0x000000000009fc00-0x000000000009ffff] reserved
[    0.000000] BIOS-e820: [mem 0x00000000000f0000-0x00000000000fffff] reserved
[    0.000000] BIOS-e820: [mem 0x0000000000100000-0x000000003ffeffff] usable
[    0.000000] BIOS-e820: [mem 0x000000003fff0000-0x000000003fffffff] ACPI data
[    0.000000] BIOS-e820: [mem 0x00000000fec00000-0x00000000fec00fff] reserved
[    0.000000] BIOS-e820: [mem 0x00000000fee00000-0x00000000fee00fff] reserved
[    0.000000] BIOS-e820: [mem 0x00000000fffc0000-0x00000000ffffffff] reserved
[    0.000000] NX (Execute Disable) protection: active
[    0.000000] SMBIOS 2.5 present.
[    0.000000] DMI: innotek GmbH VirtualBox/VirtualBox, BIOS VirtualBox 12/01/2006
[    0.000000] Hypervisor detected: KVM
[    0.000000] e820: last_pfn = 0x3fff0 max_arch_pfn = 0x400000000
[    0.000000] MTRR: Disabled
[    0.000000] x86/PAT: MTRRs disabled, skipping PAT initialization too.
[    0.000000] CPU MTRRs all blank - virtualized system.
[    0.000000] x86/PAT: Configuration [0-7]: WB  WT  UC- UC  WB  WT  UC- UC  
[    0.000000] found SMP MP-table at [mem 0x0009fff0-0x0009ffff]
[    0.000000] Scanning 1 areas for low memory corruption
[    0.000000] RAMDISK: [mem 0x35a61000-0x36d27fff]
[    0.000000] ACPI: Early table checksum verification disabled
[    0.000000] ACPI: RSDP 0x00000000000E0000 000024 (v02 VBOX  )
[    0.000000] ACPI: XSDT 0x000000003FFF0030 00003C (v01 VBOX   VBOXXSDT 00000001 ASL  00000061)
[    0.000000] ACPI: FACP 0x000000003FFF00F0 0000F4 (v04 VBOX   VBOXFACP 00000001 ASL  00000061)
[    0.000000] ACPI: DSDT 0x000000003FFF0470 002325 (v02 VBOX   VBOXBIOS 00000002 INTL 20100528)
[    0.000000] ACPI: FACS 0x000000003FFF0200 000040
[    0.000000] ACPI: FACS 0x000000003FFF0200 000040
[    0.000000] ACPI: APIC 0x000000003FFF0240 00005C (v02 VBOX   VBOXAPIC 00000001 ASL  00000061)
[    0.000000] ACPI: SSDT 0x000000003FFF02A0 0001CC (v01 VBOX   VBOXCPUT 00000002 INTL 20100528)
[    0.000000] No NUMA configuration found
[    0.000000] Faking a node at [mem 0x0000000000000000-0x000000003ffeffff]
[    0.000000] NODE_DATA(0) allocated [mem 0x3ffc5000-0x3ffeffff]
[    0.000000] kvm-clock: cpu 0, msr 0:3ff44001, primary cpu clock
[    0.000000] kvm-clock: Using msrs 4b564d01 and 4b564d00
[    0.000000] kvm-clock: using sched offset of 7290387936 cycles
[    0.000000] clocksource: kvm-clock: mask: 0xffffffffffffffff max_cycles: 0x1cd42e4dffb, max_idle_ns: 881590591483 ns
[    0.000000] Zone ranges:
[    0.000000]   DMA      [mem 0x0000000000001000-0x0000000000ffffff]
[    0.000000]   DMA32    [mem 0x0000000001000000-0x000000003ffeffff]
[    0.000000]   Normal   empty
[    0.000000]   Device   empty
[    0.000000] Movable zone start for each node
[    0.000000] Early memory node ranges
[    0.000000]   node   0: [mem 0x0000000000001000-0x000000000009efff]
[    0.000000]   node   0: [mem 0x0000000000100000-0x000000003ffeffff]
[    0.000000] Reserved but unavailable: 98 pages
[    0.000000] Initmem setup node 0 [mem 0x0000000000001000-0x000000003ffeffff]
[    0.000000] ACPI: PM-Timer IO Port: 0x4008
[    0.000000] IOAPIC[0]: apic_id 2, version 32, address 0xfec00000, GSI 0-23
[    0.000000] ACPI: INT_SRC_OVR (bus 0 bus_irq 0 global_irq 2 dfl dfl)
[    0.000000] ACPI: INT_SRC_OVR (bus 0 bus_irq 9 global_irq 9 low level)
[    0.000000] Using ACPI (MADT) for SMP configuration information
[    0.000000] smpboot: Allowing 2 CPUs, 0 hotplug CPUs
[    0.000000] PM: Registered nosave memory: [mem 0x00000000-0x00000fff]
[    0.000000] PM: Registered nosave memory: [mem 0x0009f000-0x0009ffff]
[    0.000000] PM: Registered nosave memory: [mem 0x000a0000-0x000effff]
[    0.000000] PM: Registered nosave memory: [mem 0x000f0000-0x000fffff]
[    0.000000] e820: [mem 0x40000000-0xfebfffff] available for PCI devices
[    0.000000] Booting paravirtualized kernel on KVM
[    0.000000] clocksource: refined-jiffies: mask: 0xffffffff max_cycles: 0xffffffff, max_idle_ns: 7645519600211568 ns
[    0.000000] random: get_random_bytes called from start_kernel+0x99/0x500 with crng_init=0
[    0.000000] setup_percpu: NR_CPUS:8192 nr_cpumask_bits:2 nr_cpu_ids:2 nr_node_ids:1
[    0.000000] percpu: Embedded 45 pages/cpu s147456 r8192 d28672 u1048576
[    0.000000] PV qspinlock hash table entries: 256 (order: 0, 4096 bytes)
[    0.000000] Built 1 zonelists, mobility grouping on.  Total pages: 257913
[    0.000000] Policy zone: DMA32
[    0.000000] Kernel command line: BOOT_IMAGE=/boot/vmlinuz-4.15.0-140-generic root=LABEL=cloudimg-rootfs ro console=tty1 console=ttyS0
[    0.000000] Memory: 983016K/1048120K available (12300K kernel code, 2483K rwdata, 4276K rodata, 2440K init, 2724K bss, 65104K reserved, 0K cma-reserved)
[    0.000000] SLUB: HWalign=64, Order=0-3, MinObjects=0, CPUs=2, Nodes=1
[    0.000000] ftrace: allocating 39429 entries in 155 pages
[    0.004000] Hierarchical RCU implementation.
[    0.004000] 	RCU restricting CPUs from NR_CPUS=8192 to nr_cpu_ids=2.
[    0.004000] 	Tasks RCU enabled.
[    0.004000] RCU: Adjusting geometry for rcu_fanout_leaf=16, nr_cpu_ids=2
[    0.004000] NR_IRQS: 524544, nr_irqs: 440, preallocated irqs: 16
[    0.004000] Console: colour VGA+ 80x25
[    0.004000] console [tty1] enabled
[    0.004000] console [ttyS0] enabled
[    0.004000] ACPI: Core revision 20170831
[    0.004000] ACPI: 2 ACPI AML tables successfully acquired and loaded
[    0.004000] APIC: Switch to symmetric I/O mode setup
[    0.004000] ..TIMER: vector=0x30 apic1=0 pin1=2 apic2=-1 pin2=-1
[    0.004010] tsc: Detected 2994.416 MHz processor
[    0.008015] Calibrating delay loop (skipped) preset value.. 5988.83 BogoMIPS (lpj=11977664)
[    0.012014] pid_max: default: 32768 minimum: 301
[    0.016175] Security Framework initialized
[    0.020009] Yama: becoming mindful.
[    0.024234] AppArmor: AppArmor initialized
[    0.051361] Dentry cache hash table entries: 131072 (order: 8, 1048576 bytes)
[    0.060012] Inode-cache hash table entries: 65536 (order: 7, 524288 bytes)
[    0.064227] Mount-cache hash table entries: 2048 (order: 2, 16384 bytes)
[    0.068237] Mountpoint-cache hash table entries: 2048 (order: 2, 16384 bytes)
[    0.076960] Last level iTLB entries: 4KB 1024, 2MB 1024, 4MB 512
[    0.080008] Last level dTLB entries: 4KB 1536, 2MB 1536, 4MB 768, 1GB 0
[    0.084011] Spectre V1 : Mitigation: usercopy/swapgs barriers and __user pointer sanitization
[    0.088011] Spectre V2 : Spectre mitigation: LFENCE not serializing, switching to generic retpoline
[    0.092011] Spectre V2 : Mitigation: Full generic retpoline
[    0.096009] Spectre V2 : Spectre v2 / SpectreRSB mitigation: Filling RSB on context switch
[    0.100014] Speculative Store Bypass: Mitigation: Speculative Store Bypass disabled via prctl and seccomp
[    0.108242] Freeing SMP alternatives memory: 36K
[    0.228000] smpboot: CPU0: AMD Ryzen 7 1700 Eight-Core Processor (family: 0x17, model: 0x1, stepping: 0x1)
[    0.228000] Performance Events: PMU not available due to virtualization, using software events only.
[    0.228000] Hierarchical SRCU implementation.
[    0.228000] NMI watchdog: Perf event create on CPU 0 failed with -2
[    0.228016] NMI watchdog: Perf NMI watchdog permanently disabled
[    0.232990] smp: Bringing up secondary CPUs ...
[    0.240727] x86: Booting SMP configuration:
[    0.244171] .... node  #0, CPUs:      #1
[    0.004000] kvm-clock: cpu 1, msr 0:3ff44041, secondary cpu clock
[    0.266768] TSC synchronization [CPU#0 -> CPU#1]:
[    0.268000] Measured 106050 cycles TSC warp between CPUs, turning off TSC clock.
[    0.268000] tsc: Marking TSC unstable due to check_tsc_sync_source failed
[    0.276574] smp: Brought up 1 node, 2 CPUs
[    0.280022] smpboot: Max logical packages: 1
[    0.284014] smpboot: Total of 2 processors activated (11977.66 BogoMIPS)
[    0.296484] devtmpfs: initialized
[    0.300222] x86/mm: Memory block size: 128MB
[    0.305099] evm: security.selinux
[    0.308007] evm: security.SMACK64
[    0.312007] evm: security.SMACK64EXEC
[    0.316011] evm: security.SMACK64TRANSMUTE
[    0.320007] evm: security.SMACK64MMAP
[    0.324008] evm: security.apparmor
[    0.328007] evm: security.ima
[    0.332007] evm: security.capability
[    0.344734] clocksource: jiffies: mask: 0xffffffff max_cycles: 0xffffffff, max_idle_ns: 7645041785100000 ns
[    0.376036] futex hash table entries: 512 (order: 3, 32768 bytes)
[    0.396556] pinctrl core: initialized pinctrl subsystem
[    0.412874] RTC time: 13:30:08, date: 04/08/21
[    0.434209] NET: Registered protocol family 16
[    0.448375] audit: initializing netlink subsys (disabled)
[    0.468756] audit: type=2000 audit(1617888615.862:1): state=initialized audit_enabled=0 res=1
[    0.472260] cpuidle: using governor ladder
[    0.480482] cpuidle: using governor menu
[    0.500513] ACPI: bus type PCI registered
[    0.508017] acpiphp: ACPI Hot Plug PCI Controller Driver version: 0.5
[    0.521322] PCI: Using configuration type 1 for base access
[    0.536013] PCI: Using configuration type 1 for extended access
[    0.557052] HugeTLB registered 2.00 MiB page size, pre-allocated 0 pages
[    0.580536] ACPI: Added _OSI(Module Device)
[    0.584009] ACPI: Added _OSI(Processor Device)
[    0.588010] ACPI: Added _OSI(3.0 _SCP Extensions)
[    0.592010] ACPI: Added _OSI(Processor Aggregator Device)
[    0.596015] ACPI: Added _OSI(Linux-Dell-Video)
[    0.600018] ACPI: Added _OSI(Linux-Lenovo-NV-HDMI-Audio)
[    0.604012] ACPI: Added _OSI(Linux-HPI-Hybrid-Graphics)
[    0.612204] ACPI: Executed 1 blocks of module-level executable AML code
[    0.627728] ACPI: Interpreter enabled
[    0.628043] ACPI: (supports S0 S5)
[    0.632008] ACPI: Using IOAPIC for interrupt routing
[    0.636989] PCI: Using host bridge windows from ACPI; if necessary, use "pci=nocrs" and report a bug
[    0.640511] ACPI: Enabled 2 GPEs in block 00 to 07
[    0.670142] ACPI: PCI Root Bridge [PCI0] (domain 0000 [bus 00-ff])
[    0.672026] acpi PNP0A03:00: _OSC: OS supports [ExtendedConfig ASPM ClockPM Segments MSI]
[    0.682504] acpi PNP0A03:00: _OSC: platform does not support [PCIeCapability]
[    0.688404] acpi PNP0A03:00: _OSC: not requesting control; platform does not support [PCIeCapability]
[    0.692014] acpi PNP0A03:00: _OSC: OS requested [PCIeHotplug PME AER PCIeCapability]
[    0.696011] acpi PNP0A03:00: _OSC: platform willing to grant [PCIeHotplug PME AER]
[    0.700015] acpi PNP0A03:00: _OSC failed (AE_SUPPORT); disabling ASPM
[    0.705573] PCI host bridge to bus 0000:00
[    0.708328] pci_bus 0000:00: root bus resource [io  0x0000-0x0cf7 window]
[    0.712011] pci_bus 0000:00: root bus resource [io  0x0d00-0xffff window]
[    0.716012] pci_bus 0000:00: root bus resource [mem 0x000a0000-0x000bffff window]
[    0.720016] pci_bus 0000:00: root bus resource [mem 0x40000000-0xfdffffff window]
[    0.724017] pci_bus 0000:00: root bus resource [bus 00-ff]
[    0.744008] pci 0000:00:01.1: legacy IDE quirk: reg 0x10: [io  0x01f0-0x01f7]
[    0.748014] pci 0000:00:01.1: legacy IDE quirk: reg 0x14: [io  0x03f6]
[    0.752014] pci 0000:00:01.1: legacy IDE quirk: reg 0x18: [io  0x0170-0x0177]
[    0.756012] pci 0000:00:01.1: legacy IDE quirk: reg 0x1c: [io  0x0376]
[    0.837999] pci 0000:00:07.0: quirk: [io  0x4000-0x403f] claimed by PIIX4 ACPI
[    0.840188] pci 0000:00:07.0: quirk: [io  0x4100-0x410f] claimed by PIIX4 SMB
[    0.868731] ACPI: PCI Interrupt Link [LNKA] (IRQs 5 9 10 *11)
[    0.876117] ACPI: PCI Interrupt Link [LNKB] (IRQs 5 9 *10 11)
[    0.880484] ACPI: PCI Interrupt Link [LNKC] (IRQs 5 *9 10 11)
[    0.884460] ACPI: PCI Interrupt Link [LNKD] (IRQs 5 9 10 *11)
[    0.893324] SCSI subsystem initialized
[    0.904340] pci 0000:00:02.0: vgaarb: setting as boot VGA device
[    0.908000] pci 0000:00:02.0: vgaarb: VGA device added: decodes=io+mem,owns=io+mem,locks=none
[    0.908018] pci 0000:00:02.0: vgaarb: bridge control possible
[    0.912008] vgaarb: loaded
[    0.916176] ACPI: bus type USB registered
[    0.920098] usbcore: registered new interface driver usbfs
[    0.924050] usbcore: registered new interface driver hub
[    0.928055] usbcore: registered new device driver usb
[    0.936034] EDAC MC: Ver: 3.0.0
[    0.948111] PCI: Using ACPI for IRQ routing
[    0.953333] NetLabel: Initializing
[    0.956009] NetLabel:  domain hash size = 128
[    0.960006] NetLabel:  protocols = UNLABELED CIPSOv4 CALIPSO
[    0.964047] NetLabel:  unlabeled traffic allowed by default
[    0.972847] clocksource: Switched to clocksource kvm-clock
[    1.139712] VFS: Disk quotas dquot_6.6.0
[    1.148719] VFS: Dquot-cache hash table entries: 512 (order 0, 4096 bytes)
[    1.163839] AppArmor: AppArmor Filesystem Enabled
[    1.174772] pnp: PnP ACPI init
[    1.186079] pnp: PnP ACPI: found 3 devices
[    1.273850] clocksource: acpi_pm: mask: 0xffffff max_cycles: 0xffffff, max_idle_ns: 2085701024 ns
[    1.291507] NET: Registered protocol family 2
[    1.302012] TCP established hash table entries: 8192 (order: 4, 65536 bytes)
[    1.316753] TCP bind hash table entries: 8192 (order: 5, 131072 bytes)
[    1.330473] TCP: Hash tables configured (established 8192 bind 8192)
[    1.349598] UDP hash table entries: 512 (order: 2, 16384 bytes)
[    1.361581] UDP-Lite hash table entries: 512 (order: 2, 16384 bytes)
[    1.374517] NET: Registered protocol family 1
[    1.383756] pci 0000:00:00.0: Limiting direct PCI/PCI transfers
[    1.396580] pci 0000:00:01.0: Activating ISA DMA hang workarounds
[    1.408613] pci 0000:00:02.0: Video device with shadowed ROM at [mem 0x000c0000-0x000dffff]
[    1.424940] Unpacking initramfs...
[    2.900501] Freeing initrd memory: 19228K
[    2.911015] clocksource: tsc: mask: 0xffffffffffffffff max_cycles: 0x2b29aa90af1, max_idle_ns: 440795319989 ns
[    2.931695] platform rtc_cmos: registered platform RTC device (no PNP device found)
[    2.948630] Scanning for low memory corruption every 60 seconds
[    2.964629] Initialise system trusted keyrings
[    2.974938] Key type blacklist registered
[    2.985261] workingset: timestamp_bits=36 max_order=18 bucket_order=0
[    3.005589] zbud: loaded
[    3.015076] squashfs: version 4.0 (2009/01/31) Phillip Lougher
[    3.030574] fuse init (API version 7.26)
[    3.116860] Key type asymmetric registered
[    3.124179] Asymmetric key parser 'x509' registered
[    3.132882] Block layer SCSI generic (bsg) driver version 0.4 loaded (major 246)
[    3.147655] io scheduler noop registered
[    3.157164] io scheduler deadline registered
[    3.166232] io scheduler cfq registered (default)
[    3.178014] ACPI: AC Adapter [AC] (on-line)
[    3.186957] input: Power Button as /devices/LNXSYSTM:00/LNXPWRBN:00/input/input0
[    3.203342] ACPI: Power Button [PWRF]
[    3.212830] input: Sleep Button as /devices/LNXSYSTM:00/LNXSLPBN:00/input/input1
[    3.227263] ACPI: Sleep Button [SLPF]
[    3.238707] Serial: 8250/16550 driver, 32 ports, IRQ sharing enabled
[    3.241823] ACPI: Battery Slot [BAT0] (battery present)
[    3.294729] 00:02: ttyS0 at I/O 0x3f8 (irq = 4, base_baud = 115200) is a 16550A
[    3.346398] Linux agpgart interface v0.103
[    3.374431] loop: module loaded
[    3.383634] scsi host0: ata_piix
[    3.392767] scsi host1: ata_piix
[    3.399457] ata1: PATA max UDMA/33 cmd 0x1f0 ctl 0x3f6 bmdma 0xd000 irq 14
[    3.413923] ata2: PATA max UDMA/33 cmd 0x170 ctl 0x376 bmdma 0xd008 irq 15
[    3.428459] libphy: Fixed MDIO Bus: probed
[    3.436485] tun: Universal TUN/TAP device driver, 1.6
[    3.447285] PPP generic driver version 2.4.2
[    3.457700] ehci_hcd: USB 2.0 'Enhanced' Host Controller (EHCI) Driver
[    3.470919] ehci-pci: EHCI PCI platform driver
[    3.481105] ehci-platform: EHCI generic platform driver
[    3.491564] ohci_hcd: USB 1.1 'Open' Host Controller (OHCI) Driver
[    3.505032] ohci-pci: OHCI PCI platform driver
[    3.514240] ohci-platform: OHCI generic platform driver
[    3.525254] uhci_hcd: USB Universal Host Controller Interface driver
[    3.537859] i8042: PNP: PS/2 Controller [PNP0303:PS2K,PNP0f03:PS2M] at 0x60,0x64 irq 1,12
[    3.561169] serio: i8042 KBD port at 0x60,0x64 irq 1
[    3.570197] serio: i8042 AUX port at 0x60,0x64 irq 12
[    3.581837] mousedev: PS/2 mouse device common for all mice
[    3.637631] rtc_cmos rtc_cmos: rtc core: registered rtc_cmos as rtc0
[    3.650493] rtc_cmos rtc_cmos: alarms up to one day, 114 bytes nvram
[    3.662738] i2c /dev entries driver
[    3.669720] device-mapper: uevent: version 1.0.3
[    3.678459] device-mapper: ioctl: 4.37.0-ioctl (2017-09-20) initialised: dm-devel@redhat.com
[    3.695429] ledtrig-cpu: registered to indicate activity on CPUs
[    3.711039] NET: Registered protocol family 10
[    3.711084] input: AT Translated Set 2 keyboard as /devices/platform/i8042/serio0/input/input2
[    3.727418] Segment Routing with IPv6
[    3.744614] NET: Registered protocol family 17
[    3.754021] Key type dns_resolver registered
[    3.764781] mce: Using 0 MCE banks
[    3.771914] RAS: Correctable Errors collector initialized.
[    3.784371] sched_clock: Marking stable (3784277633, 0)->(5941444446, -2157166813)
[    3.805854] registered taskstats version 1
[    3.814391] Loading compiled-in X.509 certificates
[    3.834063] Loaded X.509 cert 'Build time autogenerated kernel key: f44537957b99d83206ce3e6a27744bf062e80295'
[    3.853911] zswap: loaded using pool lzo/zbud
[    3.881787] Key type big_key registered
[    3.889902] Key type trusted registered
[    3.906534] Key type encrypted registered
[    3.915340] AppArmor: AppArmor sha1 policy hashing enabled
[    3.927262] ima: No TPM chip found, activating TPM-bypass! (rc=-19)
[    3.940689] ima: Allocated hash algorithm: sha1
[    3.949583] evm: HMAC attrs: 0x1
[    3.957678]   Magic number: 1:444:533
[    3.965522]   hash matches /build/linux-LfLFRN/linux-4.15.0/drivers/base/power/main.c:883
[    3.981867] tty ttyS13: hash matches
[    3.990284] rtc_cmos rtc_cmos: setting system clock to 2021-04-08 13:30:12 UTC (1617888612)
[    4.007898] BIOS EDD facility v0.16 2004-Jun-25, 0 devices found
[    4.020911] EDD information not available.
[    4.037028] Freeing unused kernel image memory: 2440K
[    4.064542] Write protecting the kernel read-only data: 20480k
[    4.078429] Freeing unused kernel image memory: 2008K
[    4.089803] Freeing unused kernel image memory: 1868K
[    4.116093] x86/mm: Checked W+X mappings: passed, no W+X pages found.
Loading, please wait...
starting version 237
[    4.306977] e1000: Intel(R) PRO/1000 Network Driver - version 7.3.21-k8-NAPI
[    4.322004] e1000: Copyright (c) 1999-2006 Intel Corporation.
[    4.357205] Fusion MPT base driver 3.04.20
[    4.365973] Copyright (c) 1999-2008 LSI Corporation
[    4.438020] Fusion MPT SPI Host driver 3.04.20
[    4.611972] input: ImExPS/2 Generic Explorer Mouse as /devices/platform/i8042/serio1/input/input4
[    5.524021] e1000 0000:00:03.0 eth0: (PCI:33MHz:32-bit) 02:d6:90:5a:f6:76
[    5.538360] e1000 0000:00:03.0 eth0: Intel(R) PRO/1000 Network Connection
[    5.556455] mptbase: ioc0: Initiating bringup
[    5.557203] e1000 0000:00:03.0 enp0s3: renamed from eth0
[    5.661425] ioc0: LSI53C1030 A0: Capabilities={Initiator}
[    6.849873] scsi host2: ioc0: LSI53C1030 A0, FwRev=00000000h, Ports=1, MaxQ=256, IRQ=20
[    7.035218] scsi 2:0:0:0: Direct-Access     VBOX     HARDDISK         1.0  PQ: 0 ANSI: 5
[    7.080349] scsi target2:0:0: Beginning Domain Validation
[    7.104116] scsi target2:0:0: Domain Validation skipping write tests
[    7.114233] scsi target2:0:0: Ending Domain Validation
[    7.123497] scsi target2:0:0: asynchronous
[    7.130973] random: fast init done
[    7.139871] scsi 2:0:1:0: Direct-Access     VBOX     HARDDISK         1.0  PQ: 0 ANSI: 5
[    7.753049] scsi target2:0:1: Beginning Domain Validation
[    7.776677] scsi target2:0:1: Domain Validation skipping write tests
[    7.786791] scsi target2:0:1: Ending Domain Validation
[    7.795750] scsi target2:0:1: asynchronous
[    7.824685] random: systemd-udevd: uninitialized urandom read (16 bytes read)
[    7.828200] sd 2:0:0:0: [sda] 83886080 512-byte logical blocks: (42.9 GB/40.0 GiB)
[    7.840339] random: systemd-udevd: uninitialized urandom read (16 bytes read)
[    7.853144] sd 2:0:0:0: Attached scsi generic sg0 type 0
[    7.868698] random: systemd-udevd: uninitialized urandom read (16 bytes read)
[    7.877935] sd 2:0:0:0: [sda] Write Protect is off
[    7.893849] sd 2:0:1:0: Attached scsi generic sg1 type 0
[    7.914338] sd 2:0:0:0: [sda] Incomplete mode parameter data
[    7.926406] sd 2:0:0:0: [sda] Assuming drive cache: write through
[    7.939857] sd 2:0:1:0: [sdb] 20480 512-byte logical blocks: (10.5 MB/10.0 MiB)
[    7.957708] sd 2:0:1:0: [sdb] Write Protect is off
[    7.963704]  sda: sda1
[    7.975895] sd 2:0:1:0: [sdb] Incomplete mode parameter data
[    7.980939] sd 2:0:0:0: [sda] Attached SCSI disk
[    7.988744] sd 2:0:1:0: [sdb] Assuming drive cache: write through
[    8.025629] sd 2:0:1:0: [sdb] Attached SCSI disk
Begin: Loading essential drivers ... [   11.228336] raid6: sse2x1   gen()  2828 MB/s
[   11.280483] raid6: sse2x1   xor()  2832 MB/s
[   11.332379] raid6: sse2x2   gen()  5920 MB/s
[   11.388867] raid6: sse2x2   xor()  3943 MB/s
[   11.444518] raid6: sse2x4   gen()  6135 MB/s
[   11.500223] raid6: sse2x4   xor()  3653 MB/s
[   11.507762] raid6: using algorithm sse2x4 gen() 6135 MB/s
[   11.518966] raid6: .... xor() 3653 MB/s, rmw enabled
[   11.528418] raid6: using ssse3x2 recovery algorithm
[   11.541474] xor: measuring software checksum speed
[   11.588115]    prefetch64-sse:  5543.000 MB/sec
[   11.636948]    generic_sse:  5416.000 MB/sec
[   11.644491] xor: using function: prefetch64-sse (5543.000 MB/sec)
[   11.659520] async_tx: api initialized (async)
done.
Begin: Running /scripts/init-premount ... done.
Begin: Mounting root file system ... Begin: Running /scripts/local-top ... done.
Begin: Running /scripts/local-premount ... [   11.809749] Btrfs loaded, crc32c=crc32c-intel
Scanning for Btrfs filesystems
done.
Warning: fsck not present, so skipping root file system
[   11.942704] EXT4-fs (sda1): INFO: recovery required on readonly filesystem
[   11.957592] EXT4-fs (sda1): write access will be enabled during recovery
[   12.300346] EXT4-fs (sda1): recovery complete
[   12.349158] EXT4-fs (sda1): mounted filesystem with ordered data mode. Opts: (null)
done.
Begin: Running /scripts/local-bottom ... done.
Begin: Running /scripts/init-bottom ... done.
[   12.839089] ip_tables: (C) 2000-2006 Netfilter Core Team
[   12.892341] systemd[1]: systemd 237 running in system mode. (+PAM +AUDIT +SELINUX +IMA +APPARMOR +SMACK +SYSVINIT +UTMP +LIBCRYPTSETUP +GCRYPT +GNUTLS +ACL +XZ +LZ4 +SECCOMP +BLKID +ELFUTILS +KMOD -IDN2 +IDN -PCRE2 default-hierarchy=hybrid)
[   12.932050] systemd[1]: Detected virtualization oracle.
[   12.942904] systemd[1]: Detected architecture x86-64.

Welcome to [1mUbuntu 18.04.5 LTS[0m!

[   13.014612] systemd[1]: Set hostname to <ubuntu-bionic>.
[   13.756061] systemd[1]: Reached target User and Group Name Lookups.
[[0;32m  OK  [0m] Reached target User and Group Name Lookups.
[   13.774077] systemd[1]: Started Forward Password Requests to Wall Directory Watch.
[[0;32m  OK  [0m] Started Forward Password Requests to Wall Directory Watch.
[   13.817866] systemd[1]: Created slice User and Session Slice.
[[0;32m  OK  [0m] Created slice User and Session Slice.
[   13.833710] systemd[1]: Set up automount Arbitrary Executable File Formats File System Automount Point.
[[0;32m  OK  [0m] Set up automount Arbitrary Executabâ€¦rmats File System Automount Point.
[   13.858696] systemd[1]: Created slice System Slice.
[[0;32m  OK  [0m] Created slice System Slice.
[   13.872756] systemd[1]: Listening on Network Service Netlink Socket.
[[0;32m  OK  [0m] Listening on Network Service Netlink Socket.
[[0;32m  OK  [0m] Listening on LVM2 metadata daemon socket.
[[0;32m  OK  [0m] Listening on /dev/initctl Compatibility Named Pipe.
[[0;32m  OK  [0m] Listening on fsck to fsckd communication Socket.
[[0;32m  OK  [0m] Listening on Journal Socket (/dev/log).
[[0;32m  OK  [0m] Created slice system-serial\x2dgetty.slice.
[[0;32m  OK  [0m] Listening on udev Control Socket.
[[0;32m  OK  [0m] Listening on Journal Audit Socket.
[[0;32m  OK  [0m] Listening on Device-mapper event daemon FIFOs.
[[0;32m  OK  [0m] Listening on Syslog Socket.
[[0;32m  OK  [0m] Reached target Slices.
[[0;32m  OK  [0m] Listening on udev Kernel Socket.
[[0;32m  OK  [0m] Reached target System Time Synchronized.
[[0;32m  OK  [0m] Reached target Swap.
[[0;32m  OK  [0m] Listening on LVM2 poll daemon socket.
[[0;32m  OK  [0m] Listening on Journal Socket.
         Starting udev Coldplug all Devices...
         Starting Uncomplicated firewall...
         Mounting Huge Pages File System...
         Mounting Kernel Debug File System...
         Starting File System Check on Root Device...
         Starting Load Kernel Modules...
         Starting Monitoring of LVM2 mirrorsâ€¦ng dmeventd or progress polling...
         Starting Journal Service...
         Starting Set the console keyboard layout...
         Starting Create list of required stâ€¦ce nodes for the current kernel...
[   14.242356] Loading iSCSI transport class v2.0-870.
         Mounting POSIX Message Queue File System...
[[0;32m  OK  [0m] Started Uncomplicated firewall.
[[0;32m  OK  [0m] Mounted Huge Pages File System.
[[0;32m  OK  [0m] Mounted Kernel Debug File System.
[[0;32m  OK  [0m] Started Create list of required staâ€¦vice nodes for the current kernel.
[[0;32m  OK  [0m] Mounted POSIX Message Queue File System.
[[0;32m  OK  [0m] Started File System Check Daemon to report status.
         Starting Create Static Device Nodes in /dev...
[   14.425762] iscsi: registered transport (tcp)
[[0;32m  OK  [0m] Started LVM2 metadata daemon.
[[0;32m  OK  [0m] Started File System Check on Root Device.
         Starting Remount Root and Kernel File Systems...
[[0;32m  OK  [0m] Started udev Coldplug all Devices.
[   14.532068] random: crng init done
[   14.539396] random: 7 urandom warning(s) missed due to ratelimiting
[[0;32m  OK  [0m] Started Set the console keyboard layout.
[[0;32m  OK  [0[   14.731206] EXT4-fs (sda1): re-mounted. Opts: (null)
m] Started Create Static Device Nodes in /dev.
[[0;32m  OK  [0m] Started Remount Root and Kernel File Systems.
[[0;32m  OK  [0m] Started Monitoring of LVM2 mirrors,â€¦sing dmeventd or progress polling.
         Starting Load/Save Random Seed...
         Starting udev Kernel Device Manager...
[[0;32m  OK  [0m] Reached target Local File Systems (Pre).
[[0;32m  OK  [0m] Reached target Local File Systems.
         Starting ebtables ruleset management...
         Starting AppArmor initialization...
         Starting Tell Plymouth To Write Out Runtime Data...
         Starting Set console font and keymap...
[[0;32m  OK  [0m] Started Journal Service.
         Starting Flush Journal to Persistent Storage...
[[0;32m  OK  [0m] Started Tell Plymouth To Write Out Runtime Data.
[[0;32m  OK  [0m] Started Set console font and keymap.
[[0;32m  OK  [0m] Started Load/Save Random Seed.
[   14.953868] systemd-journald[399]: Received request to flush runtime journal from PID 1
[   15.031151] iscsi: registered transport (iser)
[[0;32m  OK  [0m] Started Load Kernel Modules.
         Starting Apply Kernel Variables...
         Mounting Kernel Configuration File System...
         Mounting FUSE Control File System...
[[0;32m  OK  [0m] Mounted Kernel Configuration File System.
[[0;32m  OK  [0m] Mounted FUSE Control File System.
[[0;32m  OK  [0m] Started udev Kernel Device Manager.
[[0;32m  OK  [0m] Started Dispatch Password Requests to Console Directory Watch.
[[0;32m  OK  [0m] Reached target Local Encrypted Volumes.
[[0;32m  OK  [0m] Started Apply Kernel Variables.
[[0;32m  OK  [0m] Started ebtables ruleset management.
[[0;32m  OK  [0m] Started Flush Journal to Persistent Storage.
         Starting Create Volatile Files and Directories...
[[0;32m  OK  [0m] Started Create Volatile Files and Directories.
         Starting Update UTMP about System Boot/Shutdown...
[[0;32m  OK  [0m] Started Update UTMP about System Boot/Shutdown.
[[0;32m  OK  [0m] Started AppArmor initialization.
         Starting Initial cloud-init job (pre-networking)...
         Starting Load AppArmor profiles managed internally by snapd...
[[0;32m  OK  [0m] Started Load AppArmor profiles managed internally by snapd.
[[0;32m  OK  [0m] Found device /dev/ttyS0.
[[0;32m  OK  [0m] Listening on Load/Save RF Kill Switch Status /dev/rfkill Watch.
[   19.708620] cloud-init[511]: Cloud-init v. 20.4.1-0ubuntu1~18.04.1 running 'init-local' at Thu, 08 Apr 2021 13:30:27 +0000. Up 19.28 seconds.
[[0;32m  OK  [0m] Started Initial cloud-init job (pre-networking).
[[0;32m  OK  [0m] Reached target Network (Pre).
         Starting Network Service...
[[0;32m  OK  [0m] Started Network Service.
         Starting Wait for Network to be Configured...
         Starting Network Name Resolution...
[[0;32m  OK  [0m] Started Network Name Resolution.
[[0;32m  OK  [0m] Reached target Host and Network Name Lookups.
[[0;32m  OK  [0m] Reached target Network.
[[0;32m  OK  [0m] Started Wait for Network to be Configured.
         Starting Initial cloud-init job (metadata service crawler)...
[   22.347913] cloud-init[657]: Cloud-init v. 20.4.1-0ubuntu1~18.04.1 running 'init' at Thu, 08 Apr 2021 13:30:30 +0000. Up 22.01 seconds.
[   22.365790] cloud-init[657]: ci-info: ++++++++++++++++++++++++++++++++++++++Net device info++++++++++++++++++++++++++++++++++++++
[   22.380794] cloud-init[657]: ci-info: +--------+------+----------------------------+---------------+--------+-------------------+
[   22.395686] cloud-init[657]: ci-info: | Device |  Up  |          Address           |      Mask     | Scope  |     Hw-Address    |
[   22.411378] cloud-init[657]: ci-info: +--------+------+----------------------------+---------------+--------+-------------------+
[   22.427502] cloud-init[657]: ci-info: | enp0s3 | True |         10.0.2.15          | 255.255.255.0 | global | 02:d6:90:5a:f6:76 |
[   22.443197] cloud-init[657]: ci-info: | enp0s3 | True | fe80::d6:90ff:fe5a:f676/64 |       .       |  link  | 02:d6:90:5a:f6:76 |
[   22.459160] cloud-init[657]: ci-info: |   lo   | True |         127.0.0.1          |   255.0.0.0   |  host  |         .         |
[   22.476859] cloud-init[657]: ci-info: |   lo   | True |          ::1/128           |       .       |  host  |         .         |
[   22.492205] cloud-init[657]: ci-info: +--------+------+----------------------------+---------------+--------+-------------------+
[   22.508777] cloud-init[657]: ci-info: ++++++++++++++++++++++++++++Route IPv4 info+++++++++++++++++++++++++++++
[   22.522803] cloud-init[657]: ci-info: +-------+-------------+----------+-----------------+-----------+-------+
[   22.538068] cloud-init[657]: ci-info: | Route | Destination | Gateway  |     Genmask     | Interface | Flags |
[   22.554151] cloud-init[657]: ci-info: +-------+-------------+----------+-----------------+-----------+-------+
[   22.574184] cloud-init[657]: ci-info: |   0   |   0.0.0.0   | 10.0.2.2 |     0.0.0.0     |   enp0s3  |   UG  |
[   22.590370] cloud-init[657]: ci-info: |   1   |   10.0.2.0  | 0.0.0.0  |  255.255.255.0  |   enp0s3  |   U   |
[   22.603939] cloud-init[657]: ci-info: |   2   |   10.0.2.2  | 0.0.0.0  | 255.255.255.255 |   enp0s3  |   UH  |
[   22.618457] cloud-init[657]: ci-info: +-------+-------------+----------+-----------------+-----------+-------+
[   22.633294] cloud-init[657]: ci-info: +++++++++++++++++++Route IPv6 info+++++++++++++++++++
[   22.646290] cloud-init[657]: ci-info: +-------+-------------+---------+-----------+-------+
[   22.660758] cloud-init[657]: ci-info: | Route | Destination | Gateway | Interface | Flags |
[   22.673615] cloud-init[657]: ci-info: +-------+-------------+---------+-----------+-------+
[   22.686712] [[0;32m  OK  [0m] Started Initial cloud-init job (metadata service crawler).
[[0;32m  OK  [0m] Reached target Network is Online.
         Starting Availability of block devices...
[[0;32m  OK  [0m] Reached target Remote File Systems (Pre).
         Mounting /vagrant...
[[0;32m  OK  [0m] Reached target Cloud-config availability.
[[0;32m  OK  [0m] Reached target System Initialization.
[[0;32m  OK  [0m] Listening on D-Bus System Message Bus Socket.
[[0;32m  OK  [0m] Started Daily Cleanup of Temporary Directories.
[[0;32m  OK  [0m] Listening on UUID daemon activation socket.
[[0;32m  OK  [0m] Listening on Open-iSCSI iscsid Socket.
[[0;32m  OK  [0m] Started ACPI Events Check.
         Starting Socket activation for snappy daemon.
[[0;32m  OK  [0m] Listening on ACPID Listen Socket.
[[0;32m  OK  [0m] Started Discard unused blocks once a week.
[[0;32m  OK  [0m] Started Message of the Day.
[[0;32m  OK  [0m] Started Daily apt upgrade and clean activities.
[[0;32m  OK  [0m] Reached target Timers.
[[0;32m  OK  [0m] Reached target Paths.
         Starting LXD - unix socket.
[[0;32m  OK  [0m] Started Availability of block devices.
[[0;32m  OK  [0m] Listening on Socket activation for snappy daemon.
cloud-init[[0;32m  OK  [0m] [657]: ci-info: |   1   |  fe80::/64  |    ::   |   enp0s3  |   U   |Listening on LXD - unix socket.
[[0;32m  OK  [0m
[   22.808064] cloud-init[657]: ] Mounted /vagrant.
[[0;32m  OK  [0m] ci-info: |   3   |    local    |    ::   |   enp0s3  |   U   |
[   22.831687] Reached target Remote File Systems.
[cloud-init[657]: ci-info: |   4   |   ff00::/8  |    ::   |   enp0s3  |   U   |
[   22.841249] cloud-init[657]: ci-info: +-------+-------------+---------+-----------+-------+
[0;32m  OK  [0m] Reached target Sockets.
[[0;32m  OK  [0m] Reached target Basic System.
[[0;32m  OK  [0m] Started D-Bus System Message Bus.
[[0;32m  OK  [0m] Started FUSE filesystem for LXC.
         Starting Login Service...
[[0;32m  OK  [0m] Started irqbalance daemon.
         Starting Daily apt upgrade and clean activities...
         Starting Message of the Day...
         Starting Accounts Service...
         Starting Snap Daemon...
         Starting Virtualbox guest utils...
         Starting LSB: automatic crash report generation...
         Starting Dispatcher daemon for systemd-networkd...
[[0;32m  OK  [0m] Started Deferred execution scheduler.
         Starting LSB: Record successful boot for GRUB...
         Starting System Logging Service...
         Starting OpenBSD Secure Shell server...
         Starting Permit User Sessions...
[[0;32m  OK  [0m] Started Regular background program processing daemon.
         Starting LXD - container startup/shutdown...
[[0;32m  OK  [0m] Started System Logging Service.
[[0;32m  OK  [0m] Started Permit User Sessions.
[[0;32m  OK  [0m] Started Login Service.
         Starting Authorization Manager...
[[0;32m  OK  [0m] Started Unattended Upgrades Shutdown.
         Starting Hold until boot process finishes up...
         Starting Terminate Plymouth Boot Screen...
[[0;32m  OK  [0m] Started Hold until boot process finishes up.
[[0;32m  OK  [0m] Started Terminate Plymouth Boot Screen.
[[0;32m  OK  [0m] Started Serial Getty on ttyS0.
         Starting Set console scheme...
[[0;32m  OK  [0m] Started OpenBSD Secure Shell server.
[[0;32m  OK  [0m] Started LSB: automatic crash report generation.
[[0;32m  OK  [0m] Started Set console scheme.
[[0;32m  OK  [0m] Created slice system-getty.slice.
[[0;32m  OK  [0m] Started Getty on tty1.
[[0;32m  OK  [0m] Reached target Login Prompts.
[[0;32m  OK  [0m] Started Authorization Manager.
[[0;32m  OK  [0m] Started Accounts Service.
[[0;32m  OK  [0m] Started LSB: Record successful boot for GRUB.
[[0;32m  OK  [0m] Started Virtualbox guest utils.
[[0;32m  OK  [0m] Started LXD - container startup/shutdown.
[[0;32m  OK  [0m] Created slice User Slice of vagrant.
         Starting User Manager for UID 1000...
[[0;32m  OK  [0m] Started Session 1 of user vagrant.
[[0;32m  OK  [0m] Started Dispatcher daemon for systemd-networkd.
[[0;32m  OK  [0m] Started User Manager for UID 1000.
[[0;32m  OK  [0m] Started Snap Daemon.
         Starting Wait until snapd is fully seeded...
[[0;32m  OK  [0m] Started Wait until snapd is fully seeded.
         Starting Apply the settings specified in cloud-config...
[[0;32m  OK  [0m] Reached target Multi-User System.
[[0;32m  OK  [0m] Reached target Graphical Interface.
         Starting Update UTMP about System Runlevel Changes...
[[0;32m  OK  [0m] Started Update UTMP about System Runlevel Changes.
[[0;32m  OK  [0m] Started Message of the Day.
[   29.423062] cloud-init[1027]: Cloud-init v. 20.4.1-0ubuntu1~18.04.1 running 'modules:config' at Thu, 08 Apr 2021 13:30:37 +0000. Up 28.95 seconds.

Ubuntu 18.04.5 LTS ubuntu-bionic ttyS0

ubuntu-bionic login: [   30.848107] cloud-init[1131]: Cloud-init v. 20.4.1-0ubuntu1~18.04.1 running 'modules:final' at Thu, 08 Apr 2021 13:30:39 +0000. Up 30.55 seconds.
[   30.872516] cloud-init[1131]: Cloud-init v. 20.4.1-0ubuntu1~18.04.1 finished at Thu, 08 Apr 2021 13:30:39 +0000. Datasource DataSourceNoCloud [seed=/dev/sdb][dsmode=net].  Up 30.82 seconds
